// Vitest Snapshot v1, https://vitest.dev/guide/snapshot.html

exports[`Container component > without props > should match snapshot 1`] = `ReactWrapper {}`;
